------------------------------------------------------------
Timing Analyzer Summary
------------------------------------------------------------

Type  : Slow 1100mV 85C Model Setup 'VGA_Main_Module:vga|clkdiv:div|clk_25'
Slack : -2.799
TNS   : -66.811

Type  : Slow 1100mV 85C Model Setup 'clk'
Slack : -1.724
TNS   : -2.238

Type  : Slow 1100mV 85C Model Hold 'clk'
Slack : 0.511
TNS   : 0.000

Type  : Slow 1100mV 85C Model Hold 'VGA_Main_Module:vga|clkdiv:div|clk_25'
Slack : 0.652
TNS   : 0.000

Type  : Slow 1100mV 85C Model Minimum Pulse Width 'clk'
Slack : -0.898
TNS   : -2.935

Type  : Slow 1100mV 85C Model Minimum Pulse Width 'VGA_Main_Module:vga|clkdiv:div|clk_25'
Slack : -0.394
TNS   : -12.862

Type  : Slow 1100mV 0C Model Setup 'VGA_Main_Module:vga|clkdiv:div|clk_25'
Slack : -2.843
TNS   : -67.041

Type  : Slow 1100mV 0C Model Setup 'clk'
Slack : -1.665
TNS   : -2.168

Type  : Slow 1100mV 0C Model Hold 'clk'
Slack : 0.491
TNS   : 0.000

Type  : Slow 1100mV 0C Model Hold 'VGA_Main_Module:vga|clkdiv:div|clk_25'
Slack : 0.646
TNS   : 0.000

Type  : Slow 1100mV 0C Model Minimum Pulse Width 'clk'
Slack : -0.905
TNS   : -3.020

Type  : Slow 1100mV 0C Model Minimum Pulse Width 'VGA_Main_Module:vga|clkdiv:div|clk_25'
Slack : -0.394
TNS   : -13.168

Type  : Fast 1100mV 85C Model Setup 'VGA_Main_Module:vga|clkdiv:div|clk_25'
Slack : -1.246
TNS   : -29.871

Type  : Fast 1100mV 85C Model Setup 'clk'
Slack : -0.871
TNS   : -0.890

Type  : Fast 1100mV 85C Model Hold 'clk'
Slack : 0.270
TNS   : 0.000

Type  : Fast 1100mV 85C Model Hold 'VGA_Main_Module:vga|clkdiv:div|clk_25'
Slack : 0.346
TNS   : 0.000

Type  : Fast 1100mV 85C Model Minimum Pulse Width 'clk'
Slack : -0.783
TNS   : -2.264

Type  : Fast 1100mV 85C Model Minimum Pulse Width 'VGA_Main_Module:vga|clkdiv:div|clk_25'
Slack : 0.071
TNS   : 0.000

Type  : Fast 1100mV 0C Model Setup 'VGA_Main_Module:vga|clkdiv:div|clk_25'
Slack : -1.140
TNS   : -27.045

Type  : Fast 1100mV 0C Model Setup 'clk'
Slack : -0.712
TNS   : -0.712

Type  : Fast 1100mV 0C Model Hold 'clk'
Slack : 0.241
TNS   : 0.000

Type  : Fast 1100mV 0C Model Hold 'VGA_Main_Module:vga|clkdiv:div|clk_25'
Slack : 0.314
TNS   : 0.000

Type  : Fast 1100mV 0C Model Minimum Pulse Width 'clk'
Slack : -0.751
TNS   : -2.194

Type  : Fast 1100mV 0C Model Minimum Pulse Width 'VGA_Main_Module:vga|clkdiv:div|clk_25'
Slack : 0.082
TNS   : 0.000

------------------------------------------------------------
